// Jest Snapshot v1, https://goo.gl/fbAQLP

exports[`LoadingIndicator should render initially with a set of symbols 1`] = `
<LoadingIndicator__LoadingIndicatorWrapper
  reverse={true}
>
  <AnimatedSymbol
    basis={32.333333333333336}
    getRandomInt={[Function]}
    key="loading-0"
    offsetTop={0.01}
  >
    j→∞
  </AnimatedSymbol>
  <AnimatedSymbol
    basis={32.333333333333336}
    getRandomInt={[Function]}
    key="loading-1"
    offsetTop={0.01}
  >
    j→∞
  </AnimatedSymbol>
  <AnimatedSymbol
    basis={32.333333333333336}
    getRandomInt={[Function]}
    key="loading-2"
    offsetTop={0.01}
  >
    j→∞
  </AnimatedSymbol>
</LoadingIndicator__LoadingIndicatorWrapper>
`;
